// Jest Snapshot v1, https://goo.gl/fbAQLP

exports[`Absolute renders with flag and Child 1`] = `[Function]`;

exports[`Absolute renders with top, left and zIndex props 1`] = `
.c0 {
  position: absolute;
  top: 10px;
  left: 0px;
  z-index: 2;
}

<div
  className="c0 "
/>
`;
