// Jest Snapshot v1, https://goo.gl/fbAQLP

exports[`Container renders with default theme max-width 1`] = `
.c0 {
  margin-left: auto;
  margin-right: auto;
  max-width: 1280px;
}

<div
  className="c0"
/>
`;

exports[`Container renders with maxWidth 1`] = `
.c0 {
  margin-left: auto;
  margin-right: auto;
  max-width: 1024px;
}

<div
  className="c0"
/>
`;
