// Jest Snapshot v1, https://goo.gl/fbAQLP

exports[`Flag renders 1`] = `
.c4 {
  margin-bottom: -8px;
  margin-right: -8px;
  width: 4px;
  color: #0a0;
}

.c6 {
  padding-left: 4px;
  padding-top: 4px;
  padding-bottom: 4px;
  color: #fff;
  background-color: #0a0;
}

.c8 {
  margin-left: -8px;
  width: 18px;
  color: #0a0;
}

.c0 {
  display: -webkit-box;
  display: -webkit-flex;
  display: -ms-flexbox;
  display: flex;
  margin-left: 0px;
}

.c3 {
  width: 8px;
  height: 8px;
  -webkit-align-self: flex-end;
  -ms-flex-item-align: end;
  align-self: flex-end;
  background-image: linear-gradient(45deg,transparent 50%,rgba(0,0,0,0.5) 50%), linear-gradient(45deg,transparent 50%,green 50%);
  position: absolute;
  bottom: 0;
}

.c7 {
  -webkit-flex: none;
  -ms-flex: none;
  flex: none;
  background-color: green;
  border-radius: 0 0;
  -webkit-transform: skew(-14deg);
  -ms-transform: skew(-14deg);
  transform: skew(-14deg);
  position: relative;
  z-index: 1;
}

.c5 {
  font-size: px;
  border-radius: 0 0 0;
  color: white;
  background-color: green;
  z-index: 2;
}

.c1 {
  position: relative;
}

@media screen and (min-width:32em) {
  .c6 {
    padding-left: 16px;
    padding-top: 8px;
    padding-bottom: 8px;
  }
}

@media screen and (min-width:32em) {
  .c0 {
    margin-left: -8px;
  }
}

@media screen and (max-width:31.99em) {
  .c2 {
    display: none;
  }
}

<div
  className="c0"
>
  <div
    className="c1 c2 "
  >
    <div
      className="c3 c4"
      color="green"
      width="4px"
    />
  </div>
  <div
    className="c5 c6"
    color="white"
  />
  <div
    className="c7 c8"
    color="green"
    width="18px"
  />
</div>
`;

exports[`Flag renders with hex value as bg color 1`] = `
.c4 {
  margin-bottom: -8px;
  margin-right: -8px;
  width: 4px;
  color: #085397;
}

.c6 {
  padding-left: 4px;
  padding-top: 4px;
  padding-bottom: 4px;
  color: #fff;
  background-color: #085397;
}

.c8 {
  margin-left: -8px;
  width: 18px;
  color: #085397;
}

.c0 {
  display: -webkit-box;
  display: -webkit-flex;
  display: -ms-flexbox;
  display: flex;
  margin-left: 0px;
  width: 256px;
}

.c3 {
  width: 8px;
  height: 8px;
  -webkit-align-self: flex-end;
  -ms-flex-item-align: end;
  align-self: flex-end;
  background-image: linear-gradient(45deg,transparent 50%,rgba(0,0,0,0.5) 50%), linear-gradient(45deg,transparent 50%,#085397 50%);
  position: absolute;
  bottom: 0;
}

.c7 {
  -webkit-flex: none;
  -ms-flex: none;
  flex: none;
  background-color: #085397;
  border-radius: 0 0;
  -webkit-transform: skew(-14deg);
  -ms-transform: skew(-14deg);
  transform: skew(-14deg);
  position: relative;
  z-index: 1;
}

.c5 {
  font-size: px;
  border-radius: 0 0 0;
  -webkit-flex: 1 1 auto;
  -ms-flex: 1 1 auto;
  flex: 1 1 auto;
  color: white;
  background-color: #085397;
  z-index: 2;
}

.c1 {
  position: relative;
}

@media screen and (min-width:32em) {
  .c6 {
    padding-left: 16px;
    padding-top: 8px;
    padding-bottom: 8px;
  }
}

@media screen and (min-width:32em) {
  .c0 {
    margin-left: -8px;
  }
}

@media screen and (max-width:31.99em) {
  .c2 {
    display: none;
  }
}

<div
  className="c0"
  width={256}
>
  <div
    className="c1 c2 "
  >
    <div
      className="c3 c4"
      color="#085397"
      width="4px"
    />
  </div>
  <div
    className="c5 c6"
    color="white"
  />
  <div
    className="c7 c8"
    color="#085397"
    width="18px"
  />
</div>
`;

exports[`Flag renders with theme color as bg color 1`] = `
.c5 {
  margin-bottom: -8px;
  margin-right: -8px;
  width: 4px;
  color: #70b;
}

.c7 {
  padding-left: 4px;
  padding-top: 4px;
  padding-bottom: 4px;
  color: #fff;
  background-color: #70b;
}

.c9 {
  margin-left: -8px;
  width: 18px;
  color: #70b;
}

.c1 {
  display: -webkit-box;
  display: -webkit-flex;
  display: -ms-flexbox;
  display: flex;
  margin-left: 0px;
  width: 256px;
}

.c4 {
  width: 8px;
  height: 8px;
  -webkit-align-self: flex-end;
  -ms-flex-item-align: end;
  align-self: flex-end;
  background-image: linear-gradient(45deg,transparent 50%,#70b 50%);
  position: absolute;
  bottom: 0;
}

.c8 {
  -webkit-flex: none;
  -ms-flex: none;
  flex: none;
  background-color: #70b;
  border-radius: 0 2px 2px 0;
  -webkit-transform: skew(-14deg);
  -ms-transform: skew(-14deg);
  transform: skew(-14deg);
  position: relative;
  z-index: 1;
}

.c6 {
  font-size: 12px;
  border-radius: 0 0 2px 0;
  -webkit-flex: 1 1 auto;
  -ms-flex: 1 1 auto;
  flex: 1 1 auto;
  color: #fff;
  background-color: #70b;
  z-index: 2;
}

.c2 {
  position: relative;
}

.c0 {
  font-family: 'Montserrat','Helvetica Neue',Helvetica,Arial,sans-serif;
  line-height: 1.5;
  font-weight: 500;
}

.c0 * {
  box-sizing: border-box;
}

@media screen and (min-width:32em) {
  .c7 {
    padding-left: 16px;
    padding-top: 8px;
    padding-bottom: 8px;
  }
}

@media screen and (min-width:32em) {
  .c1 {
    margin-left: -8px;
  }
}

@media screen and (max-width:31.99em) {
  .c3 {
    display: none;
  }
}

<div
  className="c0"
>
  <div
    className="c1"
    width={256}
  >
    <div
      className="c2 c3 "
    >
      <div
        className="c4 c5"
        color="purple"
        width="4px"
      />
    </div>
    <div
      className="c6 c7"
      color="white"
    />
    <div
      className="c8 c9"
      color="purple"
      width="18px"
    />
  </div>
</div>
`;

exports[`Flag renders with width prop 1`] = `
.c4 {
  margin-bottom: -8px;
  margin-right: -8px;
  width: 4px;
  color: #0a0;
}

.c6 {
  padding-left: 4px;
  padding-top: 4px;
  padding-bottom: 4px;
  color: #fff;
  background-color: #0a0;
}

.c8 {
  margin-left: -8px;
  width: 18px;
  color: #0a0;
}

.c0 {
  display: -webkit-box;
  display: -webkit-flex;
  display: -ms-flexbox;
  display: flex;
  margin-left: 0px;
  width: 256px;
}

.c3 {
  width: 8px;
  height: 8px;
  -webkit-align-self: flex-end;
  -ms-flex-item-align: end;
  align-self: flex-end;
  background-image: linear-gradient(45deg,transparent 50%,rgba(0,0,0,0.5) 50%), linear-gradient(45deg,transparent 50%,green 50%);
  position: absolute;
  bottom: 0;
}

.c7 {
  -webkit-flex: none;
  -ms-flex: none;
  flex: none;
  background-color: green;
  border-radius: 0 0;
  -webkit-transform: skew(-14deg);
  -ms-transform: skew(-14deg);
  transform: skew(-14deg);
  position: relative;
  z-index: 1;
}

.c5 {
  font-size: px;
  border-radius: 0 0 0;
  -webkit-flex: 1 1 auto;
  -ms-flex: 1 1 auto;
  flex: 1 1 auto;
  color: white;
  background-color: green;
  z-index: 2;
}

.c1 {
  position: relative;
}

@media screen and (min-width:32em) {
  .c6 {
    padding-left: 16px;
    padding-top: 8px;
    padding-bottom: 8px;
  }
}

@media screen and (min-width:32em) {
  .c0 {
    margin-left: -8px;
  }
}

@media screen and (max-width:31.99em) {
  .c2 {
    display: none;
  }
}

<div
  className="c0"
  width={256}
>
  <div
    className="c1 c2 "
  >
    <div
      className="c3 c4"
      color="green"
      width="4px"
    />
  </div>
  <div
    className="c5 c6"
    color="white"
  />
  <div
    className="c7 c8"
    color="green"
    width="18px"
  />
</div>
`;
