// Jest Snapshot v1, https://goo.gl/fbAQLP

exports[`Hug renders text when array of nodes is provided 1`] = `[Function]`;

exports[`Hug renders text when string is provided 1`] = `[Function]`;

exports[`Hug renders text, icon, and Child 1`] = `[Function]`;

exports[`Hug renders with border-radius from theme on top only 1`] = `
.c2 {
  display: -webkit-box;
  display: -webkit-flex;
  display: -ms-flexbox;
  display: flex;
  padding: 8px;
  color: #fff;
  background-color: #0a0;
  -webkit-align-items: center;
  -webkit-box-align: center;
  -ms-flex-align: center;
  align-items: center;
}

.c3 {
  font-size: 14px;
}

.c1 {
  border: 1px solid #0a0;
  border-radius: 2px;
}

.c0 {
  border-top-left-radius: 2px;
  border-top-right-radius: 2px;
  border-bottom-right-radius: 0;
  border-bottom-left-radius: 0;
  overflow: hidden;
}

.c4 > * {
  border: 0 !important;
}

<div
  className="c0 c1 "
>
  <div
    className="c2"
    color="white"
  >
    <div
      className="c3"
      fontSize={1}
    />
  </div>
  <div
    className="c4 "
  />
</div>
`;
