// Jest Snapshot v1, https://goo.gl/fbAQLP

exports[`IconField renders 1`] = `
.c0 {
  display: -webkit-box;
  display: -webkit-flex;
  display: -ms-flexbox;
  display: flex;
}

.c1 {
  -webkit-flex: none;
  -ms-flex: none;
  flex: none;
}

.c2 {
  -webkit-appearance: none;
  -moz-appearance: none;
  appearance: none;
  display: block;
  width: 100%;
  font-family: inherit;
  font-size: 14px;
  color: inherit;
  background-color: transparent;
  border-radius: 2px;
  border-width: 0px;
  border-style: solid;
  border-color: #c0cad5;
  padding-top: 14px;
  padding-bottom: 14px;
  padding-left: 12px;
  padding-right: 12px;
  margin: 0;
  border-color: #c0cad5;
  box-shadow: 0 0 0 1px #c0cad5;
}

.c2::-webkit-input-placeholder {
  color: #4f6f8f;
}

.c2::-moz-placeholder {
  color: #4f6f8f;
}

.c2:-ms-input-placeholder {
  color: #4f6f8f;
}

.c2::placeholder {
  color: #4f6f8f;
}

.c2::-ms-clear {
  display: none;
}

.c2:focus {
  outline: 0;
  border-color: #007aff;
  box-shadow: 0 0 0 2px #007aff;
}

<div
  className="c0"
>
  <svg
    className="c1"
    fill="currentcolor"
    height={24}
    style={
      Object {
        "alignSelf": "center",
        "flex": "none",
        "marginLeft": 8,
        "marginRight": -32,
        "pointerEvents": "none",
      }
    }
    viewBox="0 0 24 24"
    width={24}
  >
    <path
      d="M9 11H7v2h2v-2zm4 0h-2v2h2v-2zm4 0h-2v2h2v-2zm2-7h-1V2h-2v2H8V2H6v2H5c-1.1 0-2 .9-2 2v14c0 1.1.9 2 2 2h14c1.1 0 2-.9 2-2V6c0-1.1-.9-2-2-2zm0 16H5V9h14v11z"
    />
  </svg>
  <input
    className="c2"
    id="test"
    placeholder="IconField"
    style={
      Object {
        "paddingLeft": 40,
        "paddingRight": undefined,
      }
    }
  />
</div>
`;
