// Jest Snapshot v1, https://goo.gl/fbAQLP

exports[`InputGroup renders 1`] = `
.c0 {
  display: -webkit-box;
  display: -webkit-flex;
  display: -ms-flexbox;
  display: flex;
  -webkit-align-items: center;
  -webkit-box-align: center;
  -ms-flex-align: center;
  align-items: center;
  border-radius: 2px;
  border-width: 1px;
  border-style: solid;
  border-color: #c0cad5;
}

.c0 > .c1 {
  width: 100%;
  -webkit-flex: 1 1 auto;
  -ms-flex: 1 1 auto;
  flex: 1 1 auto;
}

.c0 .c2 {
  border: 0;
  box-shadow: none;
}

<div
  className="c0"
/>
`;
