// Jest Snapshot v1, https://goo.gl/fbAQLP

exports[`Stamp color blue sets text and icon color 1`] = `
.c0 {
  display: -webkit-inline-box;
  display: -webkit-inline-flex;
  display: -ms-inline-flexbox;
  display: inline-flex;
  -webkit-align-items: center;
  -webkit-box-align: center;
  -ms-flex-align: center;
  align-items: center;
  vertical-align: top;
  min-height: 24px;
  font-weight: 600;
  text-transform: uppercase;
  -webkit-letter-spacing: 0.025em;
  -moz-letter-spacing: 0.025em;
  -ms-letter-spacing: 0.025em;
  letter-spacing: 0.025em;
  border-radius: 2px;
  border-width: 1px;
  border-style: solid;
  border-color: #c0cad5;
  padding-left: 4px;
  padding-right: 4px;
  padding-top: 0px;
  padding-bottom: 0px;
  font-size: 12px;
  color: #007aff;
  background-color: #f4f6f8;
}

<div
  className="c0"
  color="blue"
  fontSize={0}
/>
`;

exports[`Stamp color gray sets text and icon color 1`] = `
.c0 {
  display: -webkit-inline-box;
  display: -webkit-inline-flex;
  display: -ms-inline-flexbox;
  display: inline-flex;
  -webkit-align-items: center;
  -webkit-box-align: center;
  -ms-flex-align: center;
  align-items: center;
  vertical-align: top;
  min-height: 24px;
  font-weight: 600;
  text-transform: uppercase;
  -webkit-letter-spacing: 0.025em;
  -moz-letter-spacing: 0.025em;
  -ms-letter-spacing: 0.025em;
  letter-spacing: 0.025em;
  border-radius: 2px;
  border-width: 1px;
  border-style: solid;
  border-color: #c0cad5;
  padding-left: 4px;
  padding-right: 4px;
  padding-top: 0px;
  padding-bottom: 0px;
  font-size: 12px;
  color: #4f6f8f;
  background-color: #f4f6f8;
}

<div
  className="c0"
  color="gray"
  fontSize={0}
/>
`;

exports[`Stamp color green sets text and icon color 1`] = `
.c0 {
  display: -webkit-inline-box;
  display: -webkit-inline-flex;
  display: -ms-inline-flexbox;
  display: inline-flex;
  -webkit-align-items: center;
  -webkit-box-align: center;
  -ms-flex-align: center;
  align-items: center;
  vertical-align: top;
  min-height: 24px;
  font-weight: 600;
  text-transform: uppercase;
  -webkit-letter-spacing: 0.025em;
  -moz-letter-spacing: 0.025em;
  -ms-letter-spacing: 0.025em;
  letter-spacing: 0.025em;
  border-radius: 2px;
  border-width: 1px;
  border-style: solid;
  border-color: #c0cad5;
  padding-left: 4px;
  padding-right: 4px;
  padding-top: 0px;
  padding-bottom: 0px;
  font-size: 12px;
  color: #0a0;
  background-color: #f4f6f8;
}

<div
  className="c0"
  color="green"
  fontSize={0}
/>
`;

exports[`Stamp color orange sets text and icon color 1`] = `
.c0 {
  display: -webkit-inline-box;
  display: -webkit-inline-flex;
  display: -ms-inline-flexbox;
  display: inline-flex;
  -webkit-align-items: center;
  -webkit-box-align: center;
  -ms-flex-align: center;
  align-items: center;
  vertical-align: top;
  min-height: 24px;
  font-weight: 600;
  text-transform: uppercase;
  -webkit-letter-spacing: 0.025em;
  -moz-letter-spacing: 0.025em;
  -ms-letter-spacing: 0.025em;
  letter-spacing: 0.025em;
  border-radius: 2px;
  border-width: 1px;
  border-style: solid;
  border-color: #c0cad5;
  padding-left: 4px;
  padding-right: 4px;
  padding-top: 0px;
  padding-bottom: 0px;
  font-size: 12px;
  color: #f68013;
  background-color: #f4f6f8;
}

<div
  className="c0"
  color="orange"
  fontSize={0}
/>
`;

exports[`Stamp color purple sets text and icon color 1`] = `
.c0 {
  display: -webkit-inline-box;
  display: -webkit-inline-flex;
  display: -ms-inline-flexbox;
  display: inline-flex;
  -webkit-align-items: center;
  -webkit-box-align: center;
  -ms-flex-align: center;
  align-items: center;
  vertical-align: top;
  min-height: 24px;
  font-weight: 600;
  text-transform: uppercase;
  -webkit-letter-spacing: 0.025em;
  -moz-letter-spacing: 0.025em;
  -ms-letter-spacing: 0.025em;
  letter-spacing: 0.025em;
  border-radius: 2px;
  border-width: 1px;
  border-style: solid;
  border-color: #c0cad5;
  padding-left: 4px;
  padding-right: 4px;
  padding-top: 0px;
  padding-bottom: 0px;
  font-size: 12px;
  color: #70b;
  background-color: #f4f6f8;
}

<div
  className="c0"
  color="purple"
  fontSize={0}
/>
`;

exports[`Stamp color red sets text and icon color 1`] = `
.c0 {
  display: -webkit-inline-box;
  display: -webkit-inline-flex;
  display: -ms-inline-flexbox;
  display: inline-flex;
  -webkit-align-items: center;
  -webkit-box-align: center;
  -ms-flex-align: center;
  align-items: center;
  vertical-align: top;
  min-height: 24px;
  font-weight: 600;
  text-transform: uppercase;
  -webkit-letter-spacing: 0.025em;
  -moz-letter-spacing: 0.025em;
  -ms-letter-spacing: 0.025em;
  letter-spacing: 0.025em;
  border-radius: 2px;
  border-width: 1px;
  border-style: solid;
  border-color: #c0cad5;
  padding-left: 4px;
  padding-right: 4px;
  padding-top: 0px;
  padding-bottom: 0px;
  font-size: 12px;
  color: #c00;
  background-color: #f4f6f8;
}

<div
  className="c0"
  color="red"
  fontSize={0}
/>
`;

exports[`Stamp renders 1`] = `
.c0 {
  display: -webkit-inline-box;
  display: -webkit-inline-flex;
  display: -ms-inline-flexbox;
  display: inline-flex;
  -webkit-align-items: center;
  -webkit-box-align: center;
  -ms-flex-align: center;
  align-items: center;
  vertical-align: top;
  min-height: 24px;
  font-weight: 600;
  text-transform: uppercase;
  -webkit-letter-spacing: 0.025em;
  -moz-letter-spacing: 0.025em;
  -ms-letter-spacing: 0.025em;
  letter-spacing: 0.025em;
  border-radius: 2px;
  border-width: 1px;
  border-style: solid;
  border-color: #c0cad5;
  padding-left: 4px;
  padding-right: 4px;
  padding-top: 0px;
  padding-bottom: 0px;
  font-size: 12px;
  color: #4f6f8f;
  background-color: #f4f6f8;
}

<div
  className="c0"
  color="gray"
  fontSize={0}
/>
`;
