// Jest Snapshot v1, https://goo.gl/fbAQLP

exports[`theme snapshot 1`] = `
Object {
  "bold": 700,
  "boxShadows": Array [
    "0 0 2px 0 rgba(0,0,0,.08),0 1px 4px 0 rgba(0,0,0,.16)",
    "0 0 2px 0 rgba(0,0,0,.08),0 2px 8px 0 rgba(0,0,0,.16)",
    "0 0 2px 0 rgba(0,0,0,.08),0 4px 16px 0 rgba(0,0,0,.16)",
    "0 0 2px 0 rgba(0,0,0,.08),0 8px 32px 0 rgba(0,0,0,.16)",
  ],
  "breakpoints": Array [
    "32em",
    "40em",
    "48em",
    "64em",
  ],
  "colorStyles": Object {
    "blueOnLightBlue": Object {
      "backgroundColor": "#e8f2ff",
      "color": "#007aff",
    },
    "blueOnWhite": Object {
      "backgroundColor": "#fff",
      "color": "#007aff",
    },
    "danger": Object {
      "backgroundColor": "#c00",
      "color": "#fff",
    },
    "grayOnWhite": Object {
      "backgroundColor": "#fff",
      "color": "#4f6f8f",
    },
    "greenOnLightGreen": Object {
      "backgroundColor": "#ecf7ec",
      "color": "#0a0",
    },
    "greenOnWhite": Object {
      "backgroundColor": "#fff",
      "color": "#0a0",
    },
    "info": Object {
      "backgroundColor": "#f4f6f8",
      "color": "#001833",
    },
    "purpleOnLightPurple": Object {
      "backgroundColor": "#f5ebfa",
      "color": "#70b",
    },
    "purpleOnWhite": Object {
      "backgroundColor": "#fff",
      "color": "#70b",
    },
    "redOnLightRed": Object {
      "backgroundColor": "#fbebeb",
      "color": "#c00",
    },
    "redOnWhite": Object {
      "backgroundColor": "#fff",
      "color": "#c00",
    },
    "success": Object {
      "backgroundColor": "#0a0",
      "color": "#fff",
    },
    "textOnLightGray": Object {
      "backgroundColor": "#f4f6f8",
      "color": "#001833",
    },
    "textOnOrange": Object {
      "backgroundColor": "#f68013",
      "color": "#001833",
    },
    "textOnWhite": Object {
      "backgroundColor": "#fff",
      "color": "#001833",
    },
    "warning": Object {
      "backgroundColor": "#f68013",
      "color": "#001833",
    },
    "whiteOnBlue": Object {
      "backgroundColor": "#007aff",
      "color": "#fff",
    },
    "whiteOnDarkOrange": Object {
      "backgroundColor": "#f06f20",
      "color": "#fff",
    },
    "whiteOnGray": Object {
      "backgroundColor": "#4f6f8f",
      "color": "#fff",
    },
    "whiteOnGreen": Object {
      "backgroundColor": "#0a0",
      "color": "#fff",
    },
    "whiteOnPurple": Object {
      "backgroundColor": "#70b",
      "color": "#fff",
    },
    "whiteOnRed": Object {
      "backgroundColor": "#c00",
      "color": "#fff",
    },
    "whiteOnText": Object {
      "backgroundColor": "#001833",
      "color": "#fff",
    },
  },
  "colors": Object {
    "black": "#000",
    "blue": "#007aff",
    "borderGray": "#c0cad5",
    "darkBlue": "#049",
    "darkGray": "#364049",
    "darkGreen": "#060",
    "darkOrange": "#f06f20",
    "darkPurple": "#70b",
    "darkRed": "#800",
    "gray": "#4f6f8f",
    "green": "#0a0",
    "lightBlue": "#e8f2ff",
    "lightGray": "#f4f6f8",
    "lightGreen": "#ecf7ec",
    "lightOrange": "#f68013",
    "lightPurple": "#f5ebfa",
    "lightRed": "#fbebeb",
    "lightYellow": "#fff3c0",
    "orange": "#f68013",
    "purple": "#70b",
    "red": "#c00",
    "text": "#001833",
    "white": "#fff",
    "yellow": "#fedc2a",
  },
  "duration": Object {
    "fast": "150ms",
    "normal": "300ms",
    "slow": "450ms",
    "slowest": "600ms",
  },
  "font": "'Montserrat','Helvetica Neue',Helvetica,Arial,sans-serif",
  "fontSizes": Array [
    12,
    14,
    16,
    20,
    24,
    32,
    40,
    56,
    72,
  ],
  "fontWeights": Object {
    "bold": 700,
    "medium": 500,
    "regular": 500,
  },
  "letterSpacings": Object {
    "caps": "0.025em",
    "normal": "normal",
  },
  "lineHeights": Object {
    "display": 1.25,
    "standard": 1.5,
  },
  "maxContainerWidth": "1280px",
  "mediaQueries": Array [
    "@media screen and (min-width:32em)",
    "@media screen and (min-width:40em)",
    "@media screen and (min-width:48em)",
    "@media screen and (min-width:64em)",
  ],
  "radii": Array [
    0,
    2,
    6,
  ],
  "radius": "2px",
  "regular": 500,
  "space": Array [
    0,
    4,
    8,
    16,
    32,
    64,
    128,
  ],
  "textStyles": Object {
    "body0": Object {
      "fontSize": "12px",
      "fontWeight": 500,
      "lineHeight": 1.5,
    },
    "body1": Object {
      "fontSize": "14px",
      "fontWeight": 500,
      "lineHeight": 1.5,
    },
    "body2": Object {
      "fontSize": "16px",
      "fontWeight": 500,
      "lineHeight": 1.5,
    },
    "display0": Object {
      "fontSize": "12px",
      "fontWeight": 700,
      "letterSpacing": "0.025em",
      "lineHeight": 1.25,
      "textTransform": "uppercase",
    },
    "display1": Object {
      "fontSize": "14px",
      "fontWeight": 700,
      "lineHeight": 1.25,
    },
    "display2": Object {
      "fontSize": "16px",
      "fontWeight": 700,
      "lineHeight": 1.25,
    },
    "display3": Object {
      "fontSize": "20px",
      "fontWeight": 700,
      "lineHeight": 1.25,
    },
    "display4": Object {
      "fontSize": "24px",
      "fontWeight": 700,
      "lineHeight": 1.25,
    },
    "display5": Object {
      "fontSize": "32px",
      "fontWeight": 700,
      "lineHeight": 1.25,
    },
    "display6": Object {
      "fontSize": "40px",
      "fontWeight": 700,
      "lineHeight": 1.25,
    },
    "display7": Object {
      "fontSize": "56px",
      "fontWeight": 700,
      "lineHeight": 1.25,
    },
    "display8": Object {
      "fontSize": "72px",
      "fontWeight": 700,
      "lineHeight": 1.25,
    },
  },
  "timingFunctions": Object {
    "easeIn": "cubic-bezier(0.5, 0, 1, 1)",
    "easeInOut": "cubic-bezier(0.5, 0, 0.25, 1)",
    "easeOut": "cubic-bezier(0, 0, 0.25, 1)",
  },
  "transitionDelays": Object {
    "large": "260ms",
    "medium": "160ms",
    "small": "60ms",
    "xLarge": "360ms",
  },
}
`;
